[    0.000000] Linux version 4.15.0-212-generic (buildd@lcy02-amd64-083) (gcc version 7.5.0 (Ubuntu 7.5.0-3ubuntu1~18.04)) #223-Ubuntu SMP Tue May 23 13:09:22 UTC 2023 (Ubuntu 4.15.0-212.223-generic 4.15.18)
[    0.000000] Command line: BOOT_IMAGE=/boot/vmlinuz-4.15.0-212-generic root=LABEL=cloudimg-rootfs ro console=tty1 console=ttyS0
[    0.000000] KERNEL supported cpus:
[    0.000000]   Intel GenuineIntel
[    0.000000]   AMD AuthenticAMD
[    0.000000]   Centaur CentaurHauls
[    0.000000] x86/fpu: Supporting XSAVE feature 0x001: 'x87 floating point registers'
[    0.000000] x86/fpu: Supporting XSAVE feature 0x002: 'SSE registers'
[    0.000000] x86/fpu: Supporting XSAVE feature 0x004: 'AVX registers'
[    0.000000] x86/fpu: xstate_offset[2]:  576, xstate_sizes[2]:  256
[    0.000000] x86/fpu: Enabled xstate features 0x7, context size is 832 bytes, using 'standard' format.
[    0.000000] e820: BIOS-provided physical RAM map:
[    0.000000] BIOS-e820: [mem 0x0000000000000000-0x000000000009fbff] usable
[    0.000000] BIOS-e820: [mem 0x000000000009fc00-0x000000000009ffff] reserved
[    0.000000] BIOS-e820: [mem 0x00000000000f0000-0x00000000000fffff] reserved
[    0.000000] BIOS-e820: [mem 0x0000000000100000-0x000000003ffeffff] usable
[    0.000000] BIOS-e820: [mem 0x000000003fff0000-0x000000003fffffff] ACPI data
[    0.000000] BIOS-e820: [mem 0x00000000fec00000-0x00000000fec00fff] reserved
[    0.000000] BIOS-e820: [mem 0x00000000fee00000-0x00000000fee00fff] reserved
[    0.000000] BIOS-e820: [mem 0x00000000fffc0000-0x00000000ffffffff] reserved
[    0.000000] NX (Execute Disable) protection: active
[    0.000000] SMBIOS 2.5 present.
[    0.000000] DMI: innotek GmbH VirtualBox/VirtualBox, BIOS VirtualBox 12/01/2006
[    0.000000] Hypervisor detected: KVM
[    0.000000] e820: last_pfn = 0x3fff0 max_arch_pfn = 0x400000000
[    0.000000] MTRR: Disabled
[    0.000000] x86/PAT: MTRRs disabled, skipping PAT initialization too.
[    0.000000] CPU MTRRs all blank - virtualized system.
[    0.000000] x86/PAT: Configuration [0-7]: WB  WT  UC- UC  WB  WT  UC- UC  
[    0.000000] found SMP MP-table at [mem 0x0009fff0-0x0009ffff]
[    0.000000] Scanning 1 areas for low memory corruption
[    0.000000] RAMDISK: [mem 0x359cb000-0x36cdcfff]
[    0.000000] ACPI: Early table checksum verification disabled
[    0.000000] ACPI: RSDP 0x00000000000E0000 000024 (v02 VBOX  )
[    0.000000] ACPI: XSDT 0x000000003FFF0030 00003C (v01 VBOX   VBOXXSDT 00000001 ASL  00000061)
[    0.000000] ACPI: FACP 0x000000003FFF00F0 0000F4 (v04 VBOX   VBOXFACP 00000001 ASL  00000061)
[    0.000000] ACPI: DSDT 0x000000003FFF0610 002353 (v02 VBOX   VBOXBIOS 00000002 INTL 20210930)
[    0.000000] ACPI: FACS 0x000000003FFF0200 000040
[    0.000000] ACPI: FACS 0x000000003FFF0200 000040
[    0.000000] ACPI: APIC 0x000000003FFF0240 00005C (v02 VBOX   VBOXAPIC 00000001 ASL  00000061)
[    0.000000] ACPI: SSDT 0x000000003FFF02A0 00036C (v01 VBOX   VBOXCPUT 00000002 INTL 20210930)
[    0.000000] ACPI: Reserving FACP table memory at [mem 0x3fff00f0-0x3fff01e3]
[    0.000000] ACPI: Reserving DSDT table memory at [mem 0x3fff0610-0x3fff2962]
[    0.000000] ACPI: Reserving FACS table memory at [mem 0x3fff0200-0x3fff023f]
[    0.000000] ACPI: Reserving FACS table memory at [mem 0x3fff0200-0x3fff023f]
[    0.000000] ACPI: Reserving APIC table memory at [mem 0x3fff0240-0x3fff029b]
[    0.000000] ACPI: Reserving SSDT table memory at [mem 0x3fff02a0-0x3fff060b]
[    0.000000] No NUMA configuration found
[    0.000000] Faking a node at [mem 0x0000000000000000-0x000000003ffeffff]
[    0.000000] NODE_DATA(0) allocated [mem 0x3ffc5000-0x3ffeffff]
[    0.000000] kvm-clock: cpu 0, msr 0:3ff44001, primary cpu clock
[    0.000000] kvm-clock: Using msrs 4b564d01 and 4b564d00
[    0.000000] kvm-clock: using sched offset of 17428064976 cycles
[    0.000000] clocksource: kvm-clock: mask: 0xffffffffffffffff max_cycles: 0x1cd42e4dffb, max_idle_ns: 881590591483 ns
[    0.000000] Zone ranges:
[    0.000000]   DMA      [mem 0x0000000000001000-0x0000000000ffffff]
[    0.000000]   DMA32    [mem 0x0000000001000000-0x000000003ffeffff]
[    0.000000]   Normal   empty
[    0.000000]   Device   empty
[    0.000000] Movable zone start for each node
[    0.000000] Early memory node ranges
[    0.000000]   node   0: [mem 0x0000000000001000-0x000000000009efff]
[    0.000000]   node   0: [mem 0x0000000000100000-0x000000003ffeffff]
[    0.000000] Reserved but unavailable: 104 pages
[    0.000000] Initmem setup node 0 [mem 0x0000000000001000-0x000000003ffeffff]
[    0.000000] ACPI: PM-Timer IO Port: 0x4008
[    0.000000] IOAPIC[0]: apic_id 2, version 32, address 0xfec00000, GSI 0-23
[    0.000000] ACPI: INT_SRC_OVR (bus 0 bus_irq 0 global_irq 2 dfl dfl)
[    0.000000] ACPI: INT_SRC_OVR (bus 0 bus_irq 9 global_irq 9 low level)
[    0.000000] Using ACPI (MADT) for SMP configuration information
[    0.000000] smpboot: Allowing 2 CPUs, 0 hotplug CPUs
[    0.000000] PM: Registered nosave memory: [mem 0x00000000-0x00000fff]
[    0.000000] PM: Registered nosave memory: [mem 0x0009f000-0x0009ffff]
[    0.000000] PM: Registered nosave memory: [mem 0x000a0000-0x000effff]
[    0.000000] PM: Registered nosave memory: [mem 0x000f0000-0x000fffff]
[    0.000000] e820: [mem 0x40000000-0xfebfffff] available for PCI devices
[    0.000000] Booting paravirtualized kernel on KVM
[    0.000000] clocksource: refined-jiffies: mask: 0xffffffff max_cycles: 0xffffffff, max_idle_ns: 7645519600211568 ns
[    0.000000] setup_percpu: NR_CPUS:8192 nr_cpumask_bits:2 nr_cpu_ids:2 nr_node_ids:1
[    0.000000] percpu: Embedded 50 pages/cpu s167936 r8192 d28672 u1048576
[    0.000000] PV qspinlock hash table entries: 256 (order: 0, 4096 bytes)
[    0.000000] Built 1 zonelists, mobility grouping on.  Total pages: 257913
[    0.000000] Policy zone: DMA32
[    0.000000] Kernel command line: BOOT_IMAGE=/boot/vmlinuz-4.15.0-212-generic root=LABEL=cloudimg-rootfs ro console=tty1 console=ttyS0
[    0.000000] Memory: 982644K/1048120K available (12300K kernel code, 2477K rwdata, 4324K rodata, 2480K init, 2720K bss, 65476K reserved, 0K cma-reserved)
[    0.000000] SLUB: HWalign=64, Order=0-3, MinObjects=0, CPUs=2, Nodes=1
[    0.000000] Kernel/User page tables isolation: enabled
[    0.000000] ftrace: allocating 39508 entries in 155 pages
[    0.004000] Hierarchical RCU implementation.
[    0.004000] 	RCU restricting CPUs from NR_CPUS=8192 to nr_cpu_ids=2.
[    0.004000] 	Tasks RCU enabled.
[    0.004000] RCU: Adjusting geometry for rcu_fanout_leaf=16, nr_cpu_ids=2
[    0.004000] NR_IRQS: 524544, nr_irqs: 440, preallocated irqs: 16
[    0.004000] random: crng init done
[    0.004000] Console: colour VGA+ 80x25
[    0.004000] console [tty1] enabled
[    0.004000] console [ttyS0] enabled
[    0.004000] ACPI: Core revision 20170831
[    0.004000] ACPI: 2 ACPI AML tables successfully acquired and loaded
[    0.004000] APIC: Switch to symmetric I/O mode setup
[    0.013454] x2apic enabled
[    0.016066] Switched APIC routing to physical x2apic.
[    0.028000] ..TIMER: vector=0x30 apic1=0 pin1=2 apic2=-1 pin2=-1
[    0.028019] tsc: Detected 2380.760 MHz processor
[    0.032030] Calibrating delay loop (skipped) preset value.. 4761.52 BogoMIPS (lpj=9523040)
[    0.036018] pid_max: default: 32768 minimum: 301
[    0.040145] Security Framework initialized
[    0.044033] Yama: becoming mindful.
[    0.048169] AppArmor: AppArmor initialized
[    0.062360] Dentry cache hash table entries: 131072 (order: 8, 1048576 bytes)
[    0.066920] Inode-cache hash table entries: 65536 (order: 7, 524288 bytes)
[    0.068143] Mount-cache hash table entries: 2048 (order: 2, 16384 bytes)
[    0.072107] Mountpoint-cache hash table entries: 2048 (order: 2, 16384 bytes)
[    0.082320] Last level iTLB entries: 4KB 64, 2MB 8, 4MB 8
[    0.084015] Last level dTLB entries: 4KB 64, 2MB 0, 4MB 0, 1GB 4
[    0.092062] Spectre V1 : Mitigation: usercopy/swapgs barriers and __user pointer sanitization
[    0.096022] Spectre V2 : Mitigation: Retpolines
[    0.100011] Spectre V2 : Spectre v2 / SpectreRSB mitigation: Filling RSB on context switch
[    0.104012] Spectre V2 : Spectre v2 / SpectreRSB : Filling RSB on VMEXIT
[    0.108017] RETBleed: WARNING: Spectre v2 mitigation leaves CPU vulnerable to RETBleed attacks, data leaks possible!
[    0.112015] RETBleed: Vulnerable
[    0.116011] Speculative Store Bypass: Vulnerable
[    0.120322] MDS: Mitigation: Clear CPU buffers
[    0.124011] MMIO Stale Data: Mitigation: Clear CPU buffers
[    0.128057] SRBDS: Unknown: Dependent on hypervisor status
[    0.132787] Freeing SMP alternatives memory: 36K
[    0.257963] APIC calibration not consistent with PM-Timer: 101ms instead of 100ms
[    0.260000] APIC delta adjusted to PM-Timer: 6284861 (6360658)
[    0.264680] smpboot: CPU0: Intel(R) Core(TM) i5-8279U CPU @ 2.40GHz (family: 0x6, model: 0x8e, stepping: 0xa)
[    0.268888] Performance Events: unsupported p6 CPU model 142 no PMU driver, software events only.
[    0.272259] Hierarchical SRCU implementation.
[    0.282079] NMI watchdog: Perf event create on CPU 0 failed with -2
[    0.284014] NMI watchdog: Perf NMI watchdog permanently disabled
[    0.288470] smp: Bringing up secondary CPUs ...
[    0.296375] x86: Booting SMP configuration:
[    0.300014] .... node  #0, CPUs:      #1
[    0.004000] kvm-clock: cpu 1, msr 0:3ff44041, secondary cpu clock
[    0.316171] smp: Brought up 1 node, 2 CPUs
[    0.320021] smpboot: Max logical packages: 1
[    0.324016] smpboot: Total of 2 processors activated (9523.04 BogoMIPS)
[    0.332681] devtmpfs: initialized
[    0.336604] x86/mm: Memory block size: 128MB
[    0.340860] evm: security.selinux
[    0.344031] evm: security.SMACK64
[    0.348030] evm: security.SMACK64EXEC
[    0.352015] evm: security.SMACK64TRANSMUTE
[    0.356011] evm: security.SMACK64MMAP
[    0.360013] evm: security.apparmor
[    0.364012] evm: security.ima
[    0.368013] evm: security.capability
[    0.372466] clocksource: jiffies: mask: 0xffffffff max_cycles: 0xffffffff, max_idle_ns: 7645041785100000 ns
[    0.376044] futex hash table entries: 512 (order: 3, 32768 bytes)
[    0.380328] pinctrl core: initialized pinctrl subsystem
[    0.388649] RTC time:  8:54:57, date: 04/20/24
[    0.396274] NET: Registered protocol family 16
[    0.400389] audit: initializing netlink subsys (disabled)
[    0.408151] audit: type=2000 audit(1713603309.681:1): state=initialized audit_enabled=0 res=1
[    0.416044] cpuidle: using governor ladder
[    0.420042] cpuidle: using governor menu
[    0.424148] ACPI: bus type PCI registered
[    0.432018] acpiphp: ACPI Hot Plug PCI Controller Driver version: 0.5
[    0.437155] PCI: Using configuration type 1 for base access
[    0.461208] HugeTLB registered 2.00 MiB page size, pre-allocated 0 pages
[    0.468666] ACPI: Added _OSI(Module Device)
[    0.476020] ACPI: Added _OSI(Processor Device)
[    0.480000] ACPI: Added _OSI(3.0 _SCP Extensions)
[    0.480017] ACPI: Added _OSI(Processor Aggregator Device)
[    0.496118] ACPI: Added _OSI(Linux-Dell-Video)
[    0.496118] ACPI: Added _OSI(Linux-Lenovo-NV-HDMI-Audio)
[    0.512021] ACPI: Added _OSI(Linux-HPI-Hybrid-Graphics)
[    0.526030] ACPI: Executed 1 blocks of module-level executable AML code
[    0.558981] ACPI: Interpreter enabled
[    0.584094] ACPI: (supports S0 S5)
[    0.592016] ACPI: Using IOAPIC for interrupt routing
[    0.608257] PCI: Using host bridge windows from ACPI; if necessary, use "pci=nocrs" and report a bug
[    0.664922] ACPI: Enabled 2 GPEs in block 00 to 07
[    0.725610] ACPI: PCI Root Bridge [PCI0] (domain 0000 [bus 00-ff])
[    0.764038] acpi PNP0A03:00: _OSC: OS supports [ASPM ClockPM Segments MSI]
[    0.813358] acpi PNP0A03:00: _OSC: not requesting OS control; OS requires [ExtendedConfig ASPM ClockPM MSI]
[    0.864058] acpi PNP0A03:00: fail to add MMCONFIG information, can't access extended PCI configuration space under this bridge.
[    0.928027] PCI host bridge to bus 0000:00
[    0.944028] pci_bus 0000:00: root bus resource [io  0x0000-0x0cf7 window]
[    0.948024] pci_bus 0000:00: root bus resource [io  0x0d00-0xffff window]
[    0.968020] pci_bus 0000:00: root bus resource [mem 0x000a0000-0x000bffff window]
[    0.992020] pci_bus 0000:00: root bus resource [mem 0x40000000-0xfdffffff window]
[    1.000018] pci_bus 0000:00: root bus resource [bus 00-ff]
[    1.036000] pci 0000:00:01.1: legacy IDE quirk: reg 0x10: [io  0x01f0-0x01f7]
[    1.056022] pci 0000:00:01.1: legacy IDE quirk: reg 0x14: [io  0x03f6]
[    1.136026] pci 0000:00:01.1: legacy IDE quirk: reg 0x18: [io  0x0170-0x0177]
[    1.172019] pci 0000:00:01.1: legacy IDE quirk: reg 0x1c: [io  0x0376]
[    1.332000] pci 0000:00:07.0: quirk: [io  0x4000-0x403f] claimed by PIIX4 ACPI
[    1.344014] pci 0000:00:07.0: quirk: [io  0x4100-0x410f] claimed by PIIX4 SMB
[    1.457711] ACPI: PCI Interrupt Link [LNKA] (IRQs 5 9 10 *11)
[    1.485554] ACPI: PCI Interrupt Link [LNKB] (IRQs 5 9 *10 11)
[    1.509010] ACPI: PCI Interrupt Link [LNKC] (IRQs 5 *9 10 11)
[    1.516785] ACPI: PCI Interrupt Link [LNKD] (IRQs 5 9 10 *11)
[    1.573602] SCSI subsystem initialized
[    1.588394] pci 0000:00:02.0: vgaarb: setting as boot VGA device
[    1.592000] pci 0000:00:02.0: vgaarb: VGA device added: decodes=io+mem,owns=io+mem,locks=none
[    1.680026] pci 0000:00:02.0: vgaarb: bridge control possible
[    1.704014] vgaarb: loaded
[    1.728092] ACPI: bus type USB registered
[    1.752111] usbcore: registered new interface driver usbfs
[    1.784063] usbcore: registered new interface driver hub
[    1.852234] usbcore: registered new device driver usb
[    1.884476] EDAC MC: Ver: 3.0.0
[    1.916205] PCI: Using ACPI for IRQ routing
[    1.965470] NetLabel: Initializing
[    1.992014] NetLabel:  domain hash size = 128
[    2.016017] NetLabel:  protocols = UNLABELED CIPSOv4 CALIPSO
[    2.040199] NetLabel:  unlabeled traffic allowed by default
[    2.076325] clocksource: Switched to clocksource kvm-clock
[    2.172430] VFS: Disk quotas dquot_6.6.0
[    2.183598] VFS: Dquot-cache hash table entries: 512 (order 0, 4096 bytes)
[    2.197210] AppArmor: AppArmor Filesystem Enabled
[    2.206873] pnp: PnP ACPI init
[    2.222972] pnp: PnP ACPI: found 3 devices
[    2.241836] clocksource: acpi_pm: mask: 0xffffff max_cycles: 0xffffff, max_idle_ns: 2085701024 ns
[    2.259558] NET: Registered protocol family 2
[    2.271234] IP idents hash table entries: 16384 (order: 5, 131072 bytes)
[    2.284637] TCP established hash table entries: 8192 (order: 4, 65536 bytes)
[    2.300467] TCP bind hash table entries: 8192 (order: 5, 131072 bytes)
[    2.316841] TCP: Hash tables configured (established 8192 bind 8192)
[    2.370103] UDP hash table entries: 512 (order: 2, 16384 bytes)
[    2.385349] UDP-Lite hash table entries: 512 (order: 2, 16384 bytes)
[    2.398778] NET: Registered protocol family 1
[    2.408494] pci 0000:00:00.0: Limiting direct PCI/PCI transfers
[    2.421119] pci 0000:00:01.0: Activating ISA DMA hang workarounds
[    2.463729] pci 0000:00:02.0: Video device with shadowed ROM at [mem 0x000c0000-0x000dffff]
[    2.488958] Unpacking initramfs...
[    3.748186] Freeing initrd memory: 19528K
[    3.844521] clocksource: tsc: mask: 0xffffffffffffffff max_cycles: 0x22513812514, max_idle_ns: 440795202126 ns
[    3.874045] platform rtc_cmos: registered platform RTC device (no PNP device found)
[    3.898149] Scanning for low memory corruption every 60 seconds
[    3.913550] Initialise system trusted keyrings
[    3.922348] Key type blacklist registered
[    3.932057] workingset: timestamp_bits=36 max_order=18 bucket_order=0
[    3.948665] zbud: loaded
[    3.958909] squashfs: version 4.0 (2009/01/31) Phillip Lougher
[    3.971443] fuse init (API version 7.26)
[    4.004737] Key type asymmetric registered
[    4.014259] Asymmetric key parser 'x509' registered
[    4.024557] Block layer SCSI generic (bsg) driver version 0.4 loaded (major 246)
[    4.042021] io scheduler noop registered
[    4.056335] io scheduler deadline registered
[    4.067053] io scheduler cfq registered (default)
[    4.118413] ACPI: AC Adapter [AC] (off-line)
[    4.148064] input: Power Button as /devices/LNXSYSTM:00/LNXPWRBN:00/input/input0
[    4.196408] ACPI: Power Button [PWRF]
[    4.206004] input: Sleep Button as /devices/LNXSYSTM:00/LNXSLPBN:00/input/input1
[    4.229454] ACPI: Sleep Button [SLPF]
[    4.244455] Serial: 8250/16550 driver, 32 ports, IRQ sharing enabled
[    4.248795] ACPI: Battery Slot [BAT0] (battery present)
[    4.304544] 00:02: ttyS0 at I/O 0x3f8 (irq = 4, base_baud = 115200) is a 16550A
[    4.324093] Linux agpgart interface v0.103
[    4.344429] loop: module loaded
[    4.354335] scsi host0: ata_piix
[    4.362082] scsi host1: ata_piix
[    4.366018] ata1: PATA max UDMA/33 cmd 0x1f0 ctl 0x3f6 bmdma 0xd000 irq 14
[    4.381722] ata2: PATA max UDMA/33 cmd 0x170 ctl 0x376 bmdma 0xd008 irq 15
[    4.409626] tun: Universal TUN/TAP device driver, 1.6
[    4.419170] PPP generic driver version 2.4.2
[    4.426572] ehci_hcd: USB 2.0 'Enhanced' Host Controller (EHCI) Driver
[    4.440547] ehci-pci: EHCI PCI platform driver
[    4.452042] ehci-platform: EHCI generic platform driver
[    4.464552] ohci_hcd: USB 1.1 'Open' Host Controller (OHCI) Driver
[    4.474668] ohci-pci: OHCI PCI platform driver
[    4.485941] ohci-platform: OHCI generic platform driver
[    4.498318] uhci_hcd: USB Universal Host Controller Interface driver
[    4.509291] i8042: PNP: PS/2 Controller [PNP0303:PS2K,PNP0f03:PS2M] at 0x60,0x64 irq 1,12
[    4.531967] serio: i8042 KBD port at 0x60,0x64 irq 1
[    4.541899] serio: i8042 AUX port at 0x60,0x64 irq 12
[    4.553806] mousedev: PS/2 mouse device common for all mice
[    4.691262] rtc_cmos rtc_cmos: rtc core: registered rtc_cmos as rtc0
[    4.707085] rtc_cmos rtc_cmos: alarms up to one day, 114 bytes nvram
[    4.721866] i2c /dev entries driver
[    4.721996] input: AT Translated Set 2 keyboard as /devices/platform/i8042/serio0/input/input2
[    4.752857] device-mapper: uevent: version 1.0.3
[    4.832869] device-mapper: ioctl: 4.37.0-ioctl (2017-09-20) initialised: dm-devel@redhat.com
[    4.850751] ledtrig-cpu: registered to indicate activity on CPUs
[    4.867164] NET: Registered protocol family 10
[    4.895740] Segment Routing with IPv6
[    4.904229] NET: Registered protocol family 17
[    4.915517] Key type dns_resolver registered
[    4.927642] mce: Using 0 MCE banks
[    4.934812] RAS: Correctable Errors collector initialized.
[    4.945540] sched_clock: Marking stable (4945336704, 0)->(13846925227, -8901588523)
[    4.963861] registered taskstats version 1
[    4.971938] Loading compiled-in X.509 certificates
[    4.990674] Loaded X.509 cert 'Build time autogenerated kernel key: b5b26778eaa3ab3a4a6cee031137706e947d12ad'
[    5.009717] Loaded X.509 cert 'Canonical Ltd. Live Patch Signing: 14df34d1a87cf37625abec039ef2bf521249b969'
[    5.029138] Loaded X.509 cert 'Canonical Ltd. Kernel Module Signing: 88f752e560a1e0737e31163a466ad7b70a850c19'
[    5.047869] blacklist: Loading compiled-in revocation X.509 certificates
[    5.065308] Loaded X.509 cert 'Canonical Ltd. Secure Boot Signing: 61482aa2830d0ab2ad5af10b7250da9033ddcef0'
[    5.081950] Loaded X.509 cert 'Canonical Ltd. Secure Boot Signing (2017): 242ade75ac4a15e50d50c84b0d45ff3eae707a03'
[    5.105690] Loaded X.509 cert 'Canonical Ltd. Secure Boot Signing (ESM 2018): 365188c1d374d6b07c3c8f240f8ef722433d6a8b'
[    5.124401] Loaded X.509 cert 'Canonical Ltd. Secure Boot Signing (2019): c0746fd6c5da3ae827864651ad66ae47fe24b3e8'
[    5.143231] Loaded X.509 cert 'Canonical Ltd. Secure Boot Signing (2021 v1): a8d54bbb3825cfb94fa13c9f8a594a195c107b8d'
[    5.160738] Loaded X.509 cert 'Canonical Ltd. Secure Boot Signing (2021 v2): 4cf046892d6fd3c9a5b03f98d845f90851dc6a8c'
[    5.179268] Loaded X.509 cert 'Canonical Ltd. Secure Boot Signing (2021 v3): 100437bb6de6e469b581e61cd66bce3ef4ed53af'
[    5.205959] Loaded X.509 cert 'Canonical Ltd. Secure Boot Signing (Ubuntu Core 2019): c1d57b8f6b743f23ee41f4f7ee292f06eecadfb9'
[    5.224456] zswap: loaded using pool lzo/zbud
[    5.258893] Key type big_key registered
[    5.267904] Key type trusted registered
[    5.285267] Key type encrypted registered
[    5.293533] AppArmor: AppArmor sha1 policy hashing enabled
[    5.309586] ima: No TPM chip found, activating TPM-bypass! (rc=-19)
[    5.329613] ima: Allocated hash algorithm: sha1
[    5.344623] evm: HMAC attrs: 0x1
[    5.357772]   Magic number: 4:229:928
[    5.373374] rtc_cmos rtc_cmos: setting system clock to 2024-04-20 08:55:03 UTC (1713603303)
[    5.397016] BIOS EDD facility v0.16 2004-Jun-25, 0 devices found
[    5.411941] EDD information not available.
[    5.431951] Freeing unused kernel image memory: 2480K
[    5.456188] Write protecting the kernel read-only data: 20480k
[    5.470676] Freeing unused kernel image memory: 2008K
[    5.479727] Freeing unused kernel image memory: 1820K
[    5.515315] x86/mm: Checked W+X mappings: passed, no W+X pages found.
[    5.531205] x86/mm: Checking user space page tables
[    5.563285] x86/mm: Checked W+X mappings: passed, no W+X pages found.
Loading, please wait...
starting version 237
[    5.823165] e1000: Intel(R) PRO/1000 Network Driver - version 7.3.21-k8-NAPI
[    5.834522] e1000: Copyright (c) 1999-2006 Intel Corporation.
[    5.862901] Fusion MPT base driver 3.04.20
[    5.875923] Copyright (c) 1999-2008 LSI Corporation
[    5.947394] Fusion MPT SPI Host driver 3.04.20
[    5.986236] AVX2 version of gcm_enc/dec engaged.
[    5.998030] AES CTR mode by8 optimization enabled
[    6.178262] input: ImExPS/2 Generic Explorer Mouse as /devices/platform/i8042/serio1/input/input4
[    6.857963] e1000 0000:00:03.0 eth0: (PCI:33MHz:32-bit) 02:3b:7b:b7:3b:2d
[    6.941705] e1000 0000:00:03.0 eth0: Intel(R) PRO/1000 Network Connection
[    6.969283] mptbase: ioc0: Initiating bringup
[    7.088908] ioc0: LSI53C1030 A0: Capabilities={Initiator}
[    7.472642] scsi host2: ioc0: LSI53C1030 A0, FwRev=00000000h, Ports=1, MaxQ=256, IRQ=20
[    7.654234] scsi 2:0:0:0: Direct-Access     VBOX     HARDDISK         1.0  PQ: 0 ANSI: 5
[    7.708235] scsi target2:0:0: Beginning Domain Validation
[    7.730937] scsi target2:0:0: Domain Validation skipping write tests
[    7.741993] scsi target2:0:0: Ending Domain Validation
[    7.752452] scsi target2:0:0: asynchronous
[    7.774720] scsi 2:0:1:0: Direct-Access     VBOX     HARDDISK         1.0  PQ: 0 ANSI: 5
[    8.152093] scsi target2:0:1: Beginning Domain Validation
[    8.208113] scsi target2:0:1: Domain Validation skipping write tests
[    8.234303] scsi target2:0:1: Ending Domain Validation
[    8.243356] scsi target2:0:1: asynchronous
[    8.277032] sd 2:0:0:0: Attached scsi generic sg0 type 0
[    8.287417] sd 2:0:0:0: [sda] 83886080 512-byte logical blocks: (42.9 GB/40.0 GiB)
[    8.310546] sd 2:0:1:0: Attached scsi generic sg1 type 0
[    8.346922] sd 2:0:0:0: [sda] Write Protect is off
[    8.360470] sd 2:0:1:0: [sdb] 20480 512-byte logical blocks: (10.5 MB/10.0 MiB)
[    8.373043] sd 2:0:0:0: [sda] Incomplete mode parameter data
[    8.381903] sd 2:0:0:0: [sda] Assuming drive cache: write through
[    8.392580] sd 2:0:1:0: [sdb] Write Protect is off
[    8.406325] sd 2:0:1:0: [sdb] Incomplete mode parameter data
[    8.431201] sd 2:0:1:0: [sdb] Assuming drive cache: write through
[    8.446062]  sda: sda1
[    8.457090] sd 2:0:0:0: [sda] Attached SCSI disk
[    8.484400] sd 2:0:1:0: [sdb] Attached SCSI disk
[    8.653191] e1000 0000:00:08.0 eth1: (PCI:33MHz:32-bit) 08:00:27:4c:4d:d8
[    8.662444] e1000 0000:00:08.0 eth1: Intel(R) PRO/1000 Network Connection
[    8.682236] e1000 0000:00:08.0 enp0s8: renamed from eth1
[    8.708550] e1000 0000:00:03.0 enp0s3: renamed from eth0
Begin: Loading essential drivers ... [   12.369512] raid6: sse2x1   gen()  4171 MB/s
[   12.437739] raid6: sse2x1   xor()  3088 MB/s
[   12.488361] raid6: sse2x2   gen()  5097 MB/s
[   12.550339] raid6: sse2x2   xor()  3692 MB/s
[   12.615307] raid6: sse2x4   gen()  6149 MB/s
[   12.665362] raid6: sse2x4   xor()  2601 MB/s
[   12.730676] raid6: avx2x1   gen()  9822 MB/s
[   12.793251] raid6: avx2x1   xor()  5459 MB/s
[   12.857111] raid6: avx2x2   gen()  4529 MB/s
[   12.982696] raid6: avx2x2   xor()  6507 MB/s
[   13.038835] raid6: avx2x4   gen()  8345 MB/s
[   13.177070] raid6: avx2x4   xor()  6139 MB/s
[   13.184643] raid6: using algorithm avx2x1 gen() 9822 MB/s
[   13.199204] raid6: .... xor() 5459 MB/s, rmw enabled
[   13.219696] raid6: using avx2x2 recovery algorithm
[   13.231328] xor: automatically using best checksumming function   avx       
[   13.245453] async_tx: api initialized (async)
done.
Begin: Running /scripts/init-premount ... done.
Begin: Mounting root file system ... Begin: Running /scripts/local-top ... done.
Begin: Running /scripts/local-premount ... [   13.415133] Btrfs loaded, crc32c=crc32c-intel
Scanning for Btrfs filesystems
done.
Warning: fsck not present, so skipping root file system
[   13.545387] EXT4-fs (sda1): mounted filesystem with ordered data mode. Opts: (null)
done.
Begin: Running /scripts/local-bottom ... done.
Begin: Running /scripts/init-bottom ... done.
[   14.684585] ip_tables: (C) 2000-2006 Netfilter Core Team
[   14.723138] systemd[1]: systemd 237 running in system mode. (+PAM +AUDIT +SELINUX +IMA +APPARMOR +SMACK +SYSVINIT +UTMP +LIBCRYPTSETUP +GCRYPT +GNUTLS +ACL +XZ +LZ4 +SECCOMP +BLKID +ELFUTILS +KMOD -IDN2 +IDN -PCRE2 default-hierarchy=hybrid)
[   14.748445] systemd[1]: Detected virtualization oracle.
[   14.756102] systemd[1]: Detected architecture x86-64.

Welcome to [1mUbuntu 18.04.6 LTS[0m!

[   14.789680] systemd[1]: Set hostname to <ubuntu>.
[   14.804723] systemd[1]: Initializing machine ID from random generator.
[   14.813820] systemd[1]: Installed transient /etc/machine-id file.
[   15.314895] systemd[1]: Reached target System Time Synchronized.
[[0;32m  OK  [0m] Reached target System Time Synchronized.
[   15.353130] systemd[1]: Created slice User and Session Slice.
[[0;32m  OK  [0m] Created slice User and Session Slice.
[   15.366134] systemd[1]: Reached target User and Group Name Lookups.
[[0;32m  OK  [0m] Reached target User and Group Name Lookups.
[   15.392967] systemd[1]: Reached target Mounting snaps.
[[0;32m  OK  [0m] Reached target Mounting snaps.
[[0;32m  OK  [0m] Started Forward Password Requests to Wall Directory Watch.
[[0;32m  OK  [0m] Reached target Mounted snaps.
[[0;32m  OK  [0m] Set up automount Arbitrary Executabâ€¦rmats File System Automount Point.
[[0;32m  OK  [0m] Created slice System Slice.
[[0;32m  OK  [0m] Listening on /dev/initctl Compatibility Named Pipe.
[[0;32m  OK  [0m] Listening on Journal Socket.
         Starting Set the console keyboard layout...
         Starting Create list of required stâ€¦ce nodes for the current kernel...
         Mounting POSIX Message Queue File System...
         Mounting Kernel Debug File System...
[[0;32m  OK  [0m] Listening on fsck to fsckd communication Socket.
[[0;32m  OK  [0m] Listening on LVM2 poll daemon socket.
[[0;32m  OK  [0m] Created slice system-serial\x2dgetty.slice.
         Starting Load Kernel Modules...
[[0;32m  OK  [0m] Listening on Journal Audit Socket.
[[0;32m  OK  [0m] Listening on Network Service Netlink Socket.
[[0;32m  OK  [0m] Listening on Device-mapper event daemon FIFOs.
[[0;32m  OK  [0m] Reached target Slices.
[[0;32m  OK  [0m] Listening on udev Kernel Socket.
         Mounting Huge Pages File System...
[[0;32m  OK  [0m] Listening on Journal Socket (/dev/log).
[[0;32m  OK  [0m] Listening on LVM2 metadata daemon socket.
[   15.599504] Loading iSCSI transport class v2.0-870.
         Starting Monitoring of LVM2 mirrorsâ€¦ng dmeventd or progress polling...
[[0;32m  OK  [0m] Listening on Syslog Socket.
         Starting Journal Service...
         Starting File System Check on Root Device...
[[0;32m  OK  [0m] Reached target Swap.
[[0;32m  OK  [0m] Listening on udev Control Socket.
         Starting udev Coldplug all Devices...
         Starting Uncomplicated firewall...
[[0;32m  OK  [0m] Started Creat[   15.724662] iscsi: registered transport (tcp)
e list of required staâ€¦vice nodes for the current kernel.
[[0;32m  OK  [0m] Mounted POSIX Message Queue File System.
[[0;32m  OK  [0m] Mounted Kernel Debug File System.
[[0;32m  OK  [0m] Mounted Huge Pages File System.
         Starting Create Static Device Nodes in /dev...
[[0;32m  OK  [0m] Started File System Check Daemon to report status.
[[0;32m  OK  [0m] Started Uncomplicated firewall.
[[0;32m  OK  [0m] Started LVM2 metadata daemon.
[[0;32m  OK  [0m] Started udev Coldplug all Devices.
[[0;32m  OK  [0m] Started File System Check on Root Device.
         Starting Remount Root and Kernel File Systems...
[[0;32m  OK  [0m] Started Journal Service.
[[0;32m  OK  [0m] Started Create Static Device Nodes in /dev.
[   16.122662] iscsi: registered transport (iser)
[[0;32m  OK  [0m] Started Load Kernel Modules.
         Mounting FUSE Control File System...
         Starting Apply Kernel Variables...
[   16.169637] EXT4-fs (sda1): re-mounted. Opts: (null)
         Mounting Kernel Configuration File System...
[[0;32m  OK  [0m] Started Remount Root and Kernel File Systems.
[[0;32m  OK  [0m] Mounted FUSE Control File System.
[[0;32m  OK  [0m] Mounted Kernel Configuration File System.
         Starting Flush Journal to Persistent Storage...
         Starting Load/Save Random Seed...
         Starting udev Kernel Device Manager...
[[0;32m  OK  [0m] Started Monitoring of LVM2 mirrors,â€¦sing dmeventd or progress polling.
[[0;32m  OK  [0m] Started Load/Save Random Seed.
[[0;32m  OK  [0m] Started udev Kernel Device Manager.
[[0;32m  OK  [0m] Started Apply Kernel Variables.
[[0;32m  OK  [0m] Started Flush Journal to Persistent Storage.
[[0;32m  OK  [0m] Found device /dev/ttyS0.
[[0;32m  OK  [0m] Listening on Load/Save RF Kill Switch Status /dev/rfkill Watch.
         Mounting Arbitrary Executable File Formats File System...
[[0;32m  OK  [0m] Mounted Arbitrary Executable File Formats File System.
[[0;32m  OK  [0m] Started Set the console keyboard layout.
[[0;32m  OK  [0m] Reached target Local File Systems (Pre).
[[0;32m  OK  [0m] Reached target Local File Systems.
         Starting Set console font and keymap...
         Starting ebtables ruleset management...
         Starting Commit a transient machine-id on disk...
         Starting AppArmor initialization...
         Starting Tell Plymouth To Write Out Runtime Data...
         Starting Create Volatile Files and Directories...
[[0;32m  OK  [0m] Started Dispatch Password Requests to Console Directory Watch.
[[0;32m  OK  [0m] Reached target Local Encrypted Volumes.
[[0;32m  OK  [0m] Started Tell Plymouth To Write Out Runtime Data.
[[0;32m  OK  [0m] Started Create Volatile Files and Directories.
         Starting Update UTMP about System Boot/Shutdown...
[[0;32m  OK  [0m] Started Update UTMP about System Boot/Shutdown.
[[0;32m  OK  [0m] Started Commit a transient machine-id on disk.
[[0;32m  OK  [0m] Started ebtables ruleset management.
[[0;32m  OK  [0m] Started AppArmor initialization.
         Starting Load AppArmor profiles managed internally by snapd...
         Starting Initial cloud-init job (pre-networking)...
[[0;32m  OK  [0m] Started Load AppArmor profiles managed internally by snapd.
[[0;32m  OK  [0m] Started Set console font and keymap.
[   25.229150] cloud-init[798]: Cloud-init v. 23.1.2-0ubuntu0~18.04.1 running 'init-local' at Sat, 20 Apr 2024 08:55:22 +0000. Up 24.44 seconds.
[[0;32m  OK  [0m] Started Initial cloud-init job (pre-networking).
[[0;32m  OK  [0m] Reached target Network (Pre).
         Starting Network Service...
[[0;32m  OK  [0m] Started Network Service.
         Starting Wait for Network to be Configured...
         Starting Network Name Resolution...
[[0;32m  OK  [0m] Started Network Name Resolution.
[[0;32m  OK  [0m] Reached target Network.
[[0;32m  OK  [0m] Reached target Host and Network Name Lookups.
[[0;32m  OK  [0m] Started Wait for Network to be Configured.
         Starting Initial cloud-init job (metadata service crawler)...
[   28.814831] cloud-init[940]: Cloud-init v. 23.1.2-0ubuntu0~18.04.1 running 'init' at Sat, 20 Apr 2024 08:55:26 +0000. Up 28.39 seconds.
[   28.821866] cloud-init[940]: ci-info: ++++++++++++++++++++++++++++++++++++++Net device info+++++++++++++++++++++++++++++++++++++++
[   28.828503] cloud-init[940]: ci-info: +--------+-------+----------------------------+---------------+--------+-------------------+
[   28.835691] cloud-init[940]: ci-info: | Device |   Up  |          Address           |      Mask     | Scope  |     Hw-Address    |
[   28.842659] cloud-init[940]: ci-info: +--------+-------+----------------------------+---------------+--------+-------------------+
[   28.848707] cloud-init[940]: ci-info: | enp0s3 |  True |         10.0.2.15          | 255.255.255.0 | global | 02:3b:7b:b7:3b:2d |
[   28.855365] cloud-init[940]: ci-info: | enp0s3 |  True | fe80::3b:7bff:feb7:3b2d/64 |       .       |  link  | 02:3b:7b:b7:3b:2d |
[   28.866132] cloud-init[940]: ci-info: | enp0s8 | False |             .              |       .       |   .    | 08:00:27:4c:4d:d8 |
[   28.875749] cloud-init[940]: ci-info: |   lo   |  True |         127.0.0.1          |   255.0.0.0   |  host  |         .         |
[   28.883274] cloud-init[940]: ci-info: |   lo   |  True |          ::1/128           |       .       |  host  |         .         |
[   28.892755] cloud-init[940]: ci-info: +--------+-------+----------------------------+---------------+--------+-------------------+
[   28.901610] cloud-init[940]: ci-info: ++++++++++++++++++++++++++++Route IPv4 info+++++++++++++++++++++++++++++
[   28.910889] cloud-init[940]: ci-info: +-------+-------------+----------+-----------------+-----------+-------+
[   28.920253] cloud-init[940]: ci-info: | Route | Destination | Gateway  |     Genmask     | Interface | Flags |
[   28.931462] cloud-init[940]: ci-info: +-------+-------------+----------+-----------------+-----------+-------+
[   28.941542] cloud-init[940]: ci-info: |   0   |   0.0.0.0   | 10.0.2.2 |     0.0.0.0     |   enp0s3  |   UG  |
[   28.953683] cloud-init[940]: ci-info: |   1   |   10.0.2.0  | 0.0.0.0  |  255.255.255.0  |   enp0s3  |   U   |
[   28.963287] cloud-init[940]: ci-info: |   2   |   10.0.2.2  | 0.0.0.0  | 255.255.255.255 |   enp0s3  |   UH  |
[   28.972771] cloud-init[940]: ci-info: +-------+-------------+----------+-----------------+-----------+-------+
[   28.979902] cloud-init[940]: ci-info: +++++++++++++++++++Route IPv6 info+++++++++++++++++++
[   29.005396] cloud-init[940]: ci-info: +-------+-------------+---------+-----------+-------+
[   29.014571] cloud-init[940]: ci-info: | Route | Destination | Gateway | Interface | Flags |
[   29.022690] cloud-init[940]: ci-info: +-------+-------------+---------+-----------+-------+
[   29.030357] cloud-init[940]: ci-info: |   1   |  fe80::/64  |    ::   |   enp0s3  |   U   |
[   29.052749] cloud-init[940]: ci-info: |   3   |    local    |    ::   |   enp0s3  |   U   |
[   29.060511] cloud-init[940]: ci-info: |   4   |   ff00::/8  |    ::   |   enp0s3  |   U   |
[   29.069112] cloud-init[940]: ci-info: +-------+-------------+---------+-----------+-------+
[   30.524494] cloud-init[940]: Generating public/private rsa key pair.
[   30.528826] cloud-init[940]: Your identification has been saved in /etc/ssh/ssh_host_rsa_key.
[   30.534564] cloud-init[940]: Your public key has been saved in /etc/ssh/ssh_host_rsa_key.pub.
[   30.540652] cloud-init[940]: The key fingerprint is:
[   30.544497] cloud-init[940]: SHA256:eYCGu/6YGXqPkOtyDYK7MjfWy7a5ojxxD0hKDIDwopg root@ubuntu-bionic
[   30.551570] cloud-init[940]: The key's randomart image is:
[   30.555816] cloud-init[940]: +---[RSA 2048]----+
[   30.559112] cloud-init[940]: |*                |
[   30.562475] cloud-init[940]: |o.   . .         |
[   30.565726] cloud-init[940]: |+ . . o .        |
[   30.569386] cloud-init[940]: |o*   o   o       |
[   30.572551] cloud-init[940]: |E . .   S .      |
[   30.575728] cloud-init[940]: |+o.+ .   .       |
[   30.578965] cloud-init[940]: | o=+=            |
[   30.581892] cloud-init[940]: |*.**=O           |
[   30.584994] cloud-init[940]: |+@==%*o          |
[   30.587953] cloud-init[940]: +----[SHA256]-----+
[   30.591115] cloud-init[940]: Generating public/private dsa key pair.
[   30.594643] cloud-init[940]: Your identification has been saved in /etc/ssh/ssh_host_dsa_key.
[   30.599555] cloud-init[940]: Your public key has been saved in /etc/ssh/ssh_host_dsa_key.pub.
[   30.605320] cloud-init[940]: The key fingerprint is:
[   30.609217] cloud-init[940]: SHA256:/FnKdxACAIakmEkoT3qKOgOhYmrzL2lEhLoAVf58S2c root@ubuntu-bionic
[   30.613787] cloud-init[940]: The key's randomart image is:
[   30.617573] cloud-init[940]: +---[DSA 1024]----+
[   30.620745] cloud-init[940]: |.++o+....        |
[   30.624287] cloud-init[940]: |*=o+     .       |
[   30.627013] cloud-init[940]: |O+. .     . .    |
[   30.630016] cloud-init[940]: |= o. o .   . .   |
[   30.633288] cloud-init[940]: |+=.   o S E o    |
[   30.636569] cloud-init[940]: |B. .   o * + .   |
[   30.639274] cloud-init[940]: |* . .   . = . .  |
[   30.642597] cloud-init[940]: |=o +       . .   |
[   30.645176] cloud-init[940]: |.o+.o.           |
[   30.647799] cloud-init[940]: +----[SHA256]-----+
[   30.650544] cloud-init[940]: Generating public/private ecdsa key pair.
[   30.655476] cloud-init[940]: Your identification has been saved in /etc/ssh/ssh_host_ecdsa_key.
[   30.660800] cloud-init[940]: Your public key has been saved in /etc/ssh/ssh_host_ecdsa_key.pub.
[   30.666136] cloud-init[940]: The key fingerprint is:
[   30.669473] cloud-init[940]: SHA256:DiKOUDhtMTbe2AKAkqsQycZmcQZagwpsCmgJKtVkJds root@ubuntu-bionic
[   30.675109] cloud-init[940]: The key's randomart image is:
[   30.678229] cloud-init[940]: +---[ECDSA 256]---+
[   30.681135] cloud-init[940]: |%*%=+..          |
[   30.683869] cloud-init[940]: |&^oX.+           |
[   30.687360] cloud-init[940]: |^oB + E          |
[   30.705037] cloud-init[940]: |*+ .             |
[   30.708523] cloud-init[940]: |+ . . . S        |
[   30.711574] cloud-init[940]: |oo . . o         |
[   30.714477] cloud-init[940]: |. .     .        |
[   30.717519] cloud-init[940]: |                 |
[   30.720810] cloud-init[940]: |                 |
[   30.723875] cloud-init[940]: +----[SHA256]-----+
[   30.726650] cloud-init[940]: Generating public/private ed25519 key pair.
[   30.730420] cloud-init[940]: Your identification has been saved in /etc/ssh/ssh_host_ed25519_key.
[   30.736583] cloud-init[940]: Your public key has been saved in /etc/ssh/ssh_host_ed25519_key.pub.
[   30.742147] cloud-init[940]: The key fingerprint is:
[   30.745805] cloud-init[940]: SHA256:gYlF4qE2TZ2pUgDTx/UlnrVlDmPBIjJbR7K3DhRVI3A root@ubuntu-bionic
[   30.751013] cloud-init[940]: The key's randomart image is:
[   30.754892] cloud-init[940]: +--[ED25519 256]--+
[   30.758683] cloud-init[940]: |oo.o++B*EoX.o    |
[   30.762294] cloud-init[940]: | ..=*=*XoB.O     |
[   30.765289] cloud-init[940]: |  +o+*=o*.. .    |
[   30.768638] cloud-init[940]: | ...o. . o       |
[   30.772368] cloud-init[940]: |   .  . S        |
[   30.775855] cloud-init[940]: |       o         |
[   30.779293] cloud-init[940]: |        .        |
[   30.783453] cloud-init[940]: |                 |
[   30.787522] cloud-init[940]: |                 |
[   30.790312] cloud-init[940]: +----[SHA256]-----+
[[0;32m  OK  [0m] Started Initial cloud-init job (metadata service crawler).
[[0;32m  OK  [0m] Reached target Cloud-config availability.
[[0;32m  OK  [0m] Reached target Network is Online.
         Starting Availability of block devices...
[[0;32m  OK  [0m] Reached target Remote File Systems (Pre).
[[0;32m  OK  [0m] Reached target Remote File Systems.
[[0;32m  OK  [0m] Reached target System Initialization.
[[0;32m  OK  [0m] Started Discard unused blocks once a week.
         Starting Socket activation for snappy daemon.
[[0;32m  OK  [0m] Started Ubuntu Advantage Timer for running repeated jobs.
[[0;32m  OK  [0m] Listening on ACPID Listen Socket.
[[0;32m  OK  [0m] Listening on cloud-init hotplug hook socket.
[[0;32m  OK  [0m] Started Daily apt download activities.
[[0;32m  OK  [0m] Started Daily apt upgrade and clean activities.
[[0;32m  OK  [0m] Started ACPI Events Check.
[[0;32m  OK  [0m] Reached target Paths.
[[0;32m  OK  [0m] Listening on Open-iSCSI iscsid Socket.
         Starting LXD - unix socket.
[[0;32m  OK  [0m] Started Daily Cleanup of Temporary Directories.
[[0;32m  OK  [0m] Started Message of the Day.
[[0;32m  OK  [0m] Reached target Timers.
[[0;32m  OK  [0m] Listening on D-Bus System Message Bus Socket.
[[0;32m  OK  [0m] Listening on UUID daemon activation socket.
[[0;32m  OK  [0m] Started Availability of block devices.
[[0;32m  OK  [0m] Listening on Socket activation for snappy daemon.
[[0;32m  OK  [0m] Listening on LXD - unix socket.
[[0;32m  OK  [0m] Reached target Sockets.
[[0;32m  OK  [0m] Reached target Basic System.
         Starting Accounts Service...
[[0;32m  OK  [0m] Started D-Bus System Message Bus.
         Starting Login Service...
         Starting Virtualbox guest utils...
         Starting System Logging Service...
[[0;32m  OK  [0m] Reached target Login Prompts (Pre).
[[0;32m  OK  [0m] Started FUSE filesystem for LXC.
[[0;32m  OK  [0m] Started Deferred execution scheduler.
         Starting LSB: Record successful boot for GRUB...
         Starting Snap Daemon...
         Starting Dispatcher daemon for systemd-networkd...
         Starting Permit User Sessions...
         Starting LSB: automatic crash report generation...
[[0;32m  OK  [0m] Started Regular background program processing daemon.
         Starting Pollinate to seed the pseudo random number generator...
[[0;32m  OK  [0m] Started irqbalance daemon.
         Starting LXD - container startup/shutdown...
[[0;32m  OK  [0m] Started System Logging Service.
[[0;32m  OK  [0m] Started Permit User Sessions.
[[0;32m  OK  [0m] Started Login Service.
[[0;32m  OK  [0m] Started Unattended Upgrades Shutdown.
         Starting Authorization Manager...
         Starting Hold until boot process finishes up...
         Starting Terminate Plymouth Boot Screen...
[[0;32m  OK  [0m] Started Hold until boot process finishes up.
[[0;32m  OK  [0m] Started Serial Getty on ttyS0.
         Starting Set console scheme...
[[0;32m  OK  [0m] Started Terminate Plymouth Boot Screen.
[[0;32m  OK  [0m] Started Set console scheme.
[[0;32m  OK  [0m] Started LSB: automatic crash report generation.
[[0;32m  OK  [0m] Created slice system-getty.slice.
[[0;32m  OK  [0m] Started Getty on tty1.
[[0;32m  OK  [0m] Reached target Login Prompts.
[[0;32m  OK  [0m] Started Authorization Manager.
[[0;32m  OK  [0m] Started Accounts Service.
[[0;32m  OK  [0m] Started LSB: Record successful boot for GRUB.
[[0;32m  OK  [0m] Started Virtualbox guest utils.
[[0;32m  OK  [0m] Started LXD - container startup/shutdown.
[[0;32m  OK  [0m] Started Dispatcher daemon for systemd-networkd.
[[0;32m  OK  [0m] Started Snap Daemon.
         Starting Wait until snapd is fully seeded...
[[0;32m  OK  [0m] Started Pollinate to seed the pseudo random number generator.
         Starting OpenBSD Secure Shell server...
[[0;32m  OK  [0m] Started OpenBSD Secure Shell server.
         Starting Time & Date Service...
[[0;32m  OK  [0m] Started Time & Date Service.
[[0;32m  OK  [0m] Created slice User Slice of vagrant.
         Starting User Manager for UID 1000...
[[0;32m  OK  [0m] Started Session 1 of user vagrant.
[[0;32m  OK  [0m] Started User Manager for UID 1000.

Ubuntu 18.04.6 LTS ubuntu-bionic ttyS0

ubuntu-bionic login: [   43.229867] cloud-init[1585]: Cloud-init v. 23.1.2-0ubuntu0~18.04.1 running 'modules:config' at Sat, 20 Apr 2024 08:55:39 +0000. Up 41.80 seconds.
ci-info: no authorized SSH keys fingerprints found for user ubuntu.
<14>Apr 20 08:55:44 cloud-init: #############################################################
<14>Apr 20 08:55:44 cloud-init: -----BEGIN SSH HOST KEY FINGERPRINTS-----
<14>Apr 20 08:55:44 cloud-init: 1024 SHA256:/FnKdxACAIakmEkoT3qKOgOhYmrzL2lEhLoAVf58S2c root@ubuntu-bionic (DSA)
<14>Apr 20 08:55:44 cloud-init: 256 SHA256:DiKOUDhtMTbe2AKAkqsQycZmcQZagwpsCmgJKtVkJds root@ubuntu-bionic (ECDSA)
<14>Apr 20 08:55:44 cloud-init: 256 SHA256:gYlF4qE2TZ2pUgDTx/UlnrVlDmPBIjJbR7K3DhRVI3A root@ubuntu-bionic (ED25519)
<14>Apr 20 08:55:44 cloud-init: 2048 SHA256:eYCGu/6YGXqPkOtyDYK7MjfWy7a5ojxxD0hKDIDwopg root@ubuntu-bionic (RSA)
<14>Apr 20 08:55:44 cloud-init: -----END SSH HOST KEY FINGERPRINTS-----
<14>Apr 20 08:55:44 cloud-init: #############################################################
-----BEGIN SSH HOST KEY KEYS-----
ecdsa-sha2-nistp256 AAAAE2VjZHNhLXNoYTItbmlzdHAyNTYAAAAIbmlzdHAyNTYAAABBBNBnX08cdup/j5+QhbppdFySDN1GQnB/P30cMkQUw9RUchXZQQAphEwfzAWNyUkIgwx/bySgQLq5GJN2wqhUnV8= root@ubuntu-bionic
ssh-ed25519 AAAAC3NzaC1lZDI1NTE5AAAAIHxs/AftFq54+hklTUzLZrXt3U8LKD2LWN3RaUWHxEfG root@ubuntu-bionic
ssh-rsa AAAAB3NzaC1yc2EAAAADAQABAAABAQDwGMHsRHEVk2dQNBdFP+D08c9NDkWi8Fga3w15j6sKI9FmpvxyRzdQpmsZLkLZMbjeGGO3r5bCDaiq1RL69+lk3+8fxjavCgpaGY6ePXgHHEy0OGu1QBPRS4uG+z9SGnnR77U8AuKseiJh7yWtOVsjk7gghN8vhFynGBQNniv9IgBvH6a8UoCzE2PQjoQeb+r/euMfVrN1H9o5cEApQ5tUOCeuil34bLYTYlE9OFkC18LNVPhzSQ35EC4wK8eVkfp2cIo6Gi1naebzJ2TMJjv2t66FiR7jvw4NuNnDvpAUteqYarAVQNwucRw13SL5F3U3e4G3gG81xkAVR6dwOZZZ root@ubuntu-bionic
-----END SSH HOST KEY KEYS-----
[   46.495297] cloud-init[1735]: Cloud-init v. 23.1.2-0ubuntu0~18.04.1 running 'modules:final' at Sat, 20 Apr 2024 08:55:43 +0000. Up 45.54 seconds.
[   46.518524] cloud-init[1735]: Cloud-init v. 23.1.2-0ubuntu0~18.04.1 finished at Sat, 20 Apr 2024 08:55:44 +0000. Datasource DataSourceNoCloud [seed=/dev/sdb][dsmode=net].  Up 46.44 seconds
